
[1m[46m RUN [49m[22m [36mv4.1.1 [39m[90mD:/椤圭洰/erp-mes-system/frontend[39m

 [32m鉁?[39m src/__tests__/api.test.js[2m > [22mAPI 缂撳瓨閫昏緫[2m > [22m搴旀纭紦瀛樺拰璇诲彇鏁版嵁[32m 2[2mms[22m[39m
 [32m鉁?[39m src/__tests__/api.test.js[2m > [22mAPI 缂撳瓨閫昏緫[2m > [22m鏈紦瀛樼殑 key 搴旇繑鍥?null[32m 0[2mms[22m[39m
 [32m鉁?[39m src/__tests__/api.test.js[2m > [22mAPI 缂撳瓨閫昏緫[2m > [22m杩囨湡缂撳瓨搴旇繑鍥?null 骞惰嚜鍔ㄦ竻闄?[32m 0[2mms[22m[39m
 [32m鉁?[39m src/__tests__/api.test.js[2m > [22mAPI 缂撳瓨閫昏緫[2m > [22minvalidateCache 搴旀竻闄ゅ尮閰嶅墠缂€鐨勭紦瀛?[32m 0[2mms[22m[39m
 [32m鉁?[39m src/__tests__/api.test.js[2m > [22mAPI 缂撳瓨閫昏緫[2m > [22mclearAllCache 搴旀竻绌哄叏閮ㄧ紦瀛?[32m 0[2mms[22m[39m
 [32m鉁?[39m src/__tests__/api.test.js[2m > [22mAPI 缂撳瓨閫昏緫[2m > [22m缂撳瓨瓒呰繃 200 鏉℃椂搴旇嚜鍔ㄦ窐姹板埌 150 鏉?[32m 0[2mms[22m[39m
 [32m鉁?[39m src/__tests__/api.test.js[2m > [22mAPI 缂撳瓨閫昏緫[2m > [22mgetCacheKey 搴旇繑鍥炲師濮?URL[32m 0[2mms[22m[39m
 [32m鉁?[39m src/__tests__/api.test.js[2m > [22mAPI 缂撳瓨閫昏緫[2m > [22m鐩稿悓 key 鍐欏叆搴旇鐩栨棫鍊?[32m 0[2mms[22m[39m
 [32m鉁?[39m src/__tests__/api.test.js[2m > [22mAPI 缂撳瓨閫昏緫[2m > [22m鑷畾涔?TTL 搴旂敓鏁?[32m 0[2mms[22m[39m
 [32m鉁?[39m src/__tests__/hooks.test.jsx[2m > [22museDraftForm Hook[2m > [22m鏃犺崏绋挎椂搴旇繑鍥炲垵濮嬬姸鎬?[32m 26[2mms[22m[39m
 [32m鉁?[39m src/__tests__/hooks.test.jsx[2m > [22museDraftForm Hook[2m > [22mupdateForm 搴旀洿鏂扮姸鎬佸苟鍐欏叆 localStorage[32m 7[2mms[22m[39m
 [32m鉁?[39m src/__tests__/hooks.test.jsx[2m > [22museDraftForm Hook[2m > [22mclearDraft 搴旀竻闄?localStorage 骞堕噸缃姸鎬?[32m 3[2mms[22m[39m
 [32m鉁?[39m src/__tests__/hooks.test.jsx[2m > [22museDraftForm Hook[2m > [22m搴斾粠 localStorage 鎭㈠鑽夌[32m 2[2mms[22m[39m
 [32m鉁?[39m src/__tests__/hooks.test.jsx[2m > [22museDraftForm Hook[2m > [22mupdateForm 鏀寔鍑芥暟寮忔洿鏂?[32m 2[2mms[22m[39m
 [32m鉁?[39m src/__tests__/utils.test.jsx[2m > [22m鐘舵€佹爣绛炬槧灏?[2m > [22m搴旀槧灏勬墍鏈夊凡鐭ョ姸鎬?[32m 2[2mms[22m[39m
 [32m鉁?[39m src/__tests__/utils.test.jsx[2m > [22m鐘舵€佹爣绛炬槧灏?[2m > [22mcompleted 搴旀牴鎹?type 杩斿洖涓嶅悓鏂囨[32m 0[2mms[22m[39m
 [32m鉁?[39m src/__tests__/utils.test.jsx[2m > [22m鐘舵€佹爣绛炬槧灏?[2m > [22m鏈煡鐘舵€佸簲杩斿洖鍘熷鍊?[32m 0[2mms[22m[39m
 [32m鉁?[39m src/__tests__/utils.test.jsx[2m > [22m鐘舵€侀鑹叉槧灏?[2m > [22m姣忕鐘舵€佸簲鏈夊搴旈鑹?[32m 1[2mms[22m[39m
 [32m鉁?[39m src/__tests__/utils.test.jsx[2m > [22m鐘舵€侀鑹叉槧灏?[2m > [22m鏈煡鐘舵€佸簲杩斿洖鐏拌壊[32m 0[2mms[22m[39m
 [32m鉁?[39m src/__tests__/utils.test.jsx[2m > [22m鍒嗛〉椤电爜鐢熸垚绠楁硶[2m > [22m鎬诲叡3椤碉紝褰撳墠绗?椤? [1,2,3][32m 1[2mms[22m[39m
 [32m鉁?[39m src/__tests__/utils.test.jsx[2m > [22m鍒嗛〉椤电爜鐢熸垚绠楁硶[2m > [22m鎬诲叡10椤碉紝褰撳墠绗?椤? [3,4,5,6,7][32m 0[2mms[22m[39m
 [32m鉁?[39m src/__tests__/utils.test.jsx[2m > [22m鍒嗛〉椤电爜鐢熸垚绠楁硶[2m > [22m鎬诲叡10椤碉紝褰撳墠绗?椤? [1,2,3,4,5][32m 0[2mms[22m[39m
 [32m鉁?[39m src/__tests__/utils.test.jsx[2m > [22m鍒嗛〉椤电爜鐢熸垚绠楁硶[2m > [22m鎬诲叡10椤碉紝褰撳墠绗?0椤? [6,7,8,9,10][32m 0[2mms[22m[39m
 [32m鉁?[39m src/__tests__/utils.test.jsx[2m > [22m鍒嗛〉椤电爜鐢熸垚绠楁硶[2m > [22m鎬诲叡1椤? [1][32m 0[2mms[22m[39m
 [32m鉁?[39m src/__tests__/utils.test.jsx[2m > [22museDebounce Hook[2m > [22m鍒濆鍊煎簲绔嬪嵆杩斿洖[32m 24[2mms[22m[39m
 [32m鉁?[39m src/__tests__/utils.test.jsx[2m > [22museDebounce Hook[2m > [22m杈撳叆鍚庡簲鍦ㄥ欢杩熷悗鏇存柊[32m 11[2mms[22m[39m
 [32m鉁?[39m src/__tests__/utils.test.jsx[2m > [22museDebounce Hook[2m > [22m蹇€熻繛缁緭鍏ュ簲鍙Е鍙戞渶鍚庝竴娆?[32m 12[2mms[22m[39m
 [32m鉁?[39m src/__tests__/utils.test.jsx[2m > [22museDebounce Hook[2m > [22m鑷畾涔夊欢杩熷簲鐢熸晥[32m 3[2mms[22m[39m
 [32m鉁?[39m src/__tests__/components.test.jsx[2m > [22mStatusBadge 缁勪欢[2m > [22m搴旀覆鏌?pending 鐘舵€佷负"寰呭鐞?[32m 25[2mms[22m[39m
 [32m鉁?[39m src/__tests__/components.test.jsx[2m > [22mStatusBadge 缁勪欢[2m > [22m搴旀覆鏌?completed 鐘舵€佷负"宸插畬鎴?[32m 2[2mms[22m[39m
 [32m鉁?[39m src/__tests__/components.test.jsx[2m > [22mStatusBadge 缁勪欢[2m > [22moutbound 绫诲瀷鐨?completed 搴旀樉绀?宸插嚭搴?[32m 2[2mms[22m[39m
 [32m鉁?[39m src/__tests__/components.test.jsx[2m > [22mStatusBadge 缁勪欢[2m > [22minbound 绫诲瀷鐨?completed 搴旀樉绀?宸插叆搴?[32m 2[2mms[22m[39m
 [32m鉁?[39m src/__tests__/components.test.jsx[2m > [22mStatusBadge 缁勪欢[2m > [22m鏈煡鐘舵€佸簲鏄剧ず鍘熷鍊?[32m 1[2mms[22m[39m
 [32m鉁?[39m src/__tests__/components.test.jsx[2m > [22mStatusBadge 缁勪欢[2m > [22m搴斿寘鍚纭殑棰滆壊 class[32m 1[2mms[22m[39m
 [32m鉁?[39m src/__tests__/components.test.jsx[2m > [22mModal 缁勪欢[2m > [22misOpen=false 鏃朵笉娓叉煋浠讳綍鍐呭[32m 1[2mms[22m[39m
 [32m鉁?[39m src/__tests__/components.test.jsx[2m > [22mModal 缁勪欢[2m > [22misOpen=true 鏃舵覆鏌撴爣棰樺拰鍐呭[32m 12[2mms[22m[39m
 [32m鉁?[39m src/__tests__/components.test.jsx[2m > [22mModal 缁勪欢[2m > [22m鐐瑰嚮鍏抽棴鎸夐挳搴旇皟鐢?onClose[32m 6[2mms[22m[39m
 [32m鉁?[39m src/__tests__/components.test.jsx[2m > [22mPagination 缁勪欢[2m > [22mtotalPages <= 1 鏃朵笉娓叉煋[32m 1[2mms[22m[39m
 [32m鉁?[39m src/__tests__/components.test.jsx[2m > [22mPagination 缁勪欢[2m > [22m搴旀覆鏌撴€绘暟淇℃伅[32m 3[2mms[22m[39m
 [32m鉁?[39m src/__tests__/components.test.jsx[2m > [22mPagination 缁勪欢[2m > [22m绗竴椤垫椂涓婁竴椤垫寜閽簲绂佺敤[32m 2[2mms[22m[39m
 [32m鉁?[39m src/__tests__/components.test.jsx[2m > [22mPagination 缁勪欢[2m > [22m鏈€鍚庝竴椤垫椂涓嬩竴椤垫寜閽簲绂佺敤[32m 2[2mms[22m[39m
 [32m鉁?[39m src/__tests__/components.test.jsx[2m > [22mPagination 缁勪欢[2m > [22m鐐瑰嚮椤电爜搴旇Е鍙?onPageChange[32m 4[2mms[22m[39m
 [32m鉁?[39m src/__tests__/components.test.jsx[2m > [22mPagination 缁勪欢[2m > [22m搴旂敓鎴愭渶澶?5 涓〉鐮佹寜閽?[32m 1[2mms[22m[39m

[2m Test Files [22m [1m[32m4 passed[39m[22m[90m (4)[39m
[2m      Tests [22m [1m[32m43 passed[39m[22m[90m (43)[39m
[2m   Start at [22m 13:58:07
[2m   Duration [22m 1.17s[2m (transform 172ms, setup 0ms, import 622ms, tests 171ms, environment 2.95s)[22m

